// Jest Snapshot v1, https://goo.gl/fbAQLP

exports[`r-loader.vue should not render if show property is false 1`] = `
<div class="r-component r-loader r-loader--loading r-loader--fullscreen">
  <div class="r-loader-wrapper">
    <div class="r-mr-re"></div>
    <div class="r-mr-bil"></div>
    <div class="r-mr-ly"></div>
  </div>
</div>
`;

exports[`r-loader.vue should render via SSR and match snapshot 1`] = `
<div class="r-component r-loader r-loader--loading r-loader--fullscreen">
  <div class="r-loader-wrapper">
    <div class="r-mr-re"></div>
    <div class="r-mr-bil"></div>
    <div class="r-mr-ly"></div>
  </div>
</div>
`;
