// Jest Snapshot v1, https://goo.gl/fbAQLP

exports[`r-dropdown.vue should render via SSR and match snapshot 1`] = `
<div class="popper">
  <div class="popper-content-wrapper">
    <!---->
  </div>
</div>
`;
