// Jest Snapshot v1, https://goo.gl/fbAQLP

exports[`r-grid.vue should render Wrapper and match snapshot 1`] = `
<div class="r-grid">
  <div class="r-grid-body">
    <div class="r-table-control flex-center r-grid-repeater">
      <div role="alert" aria-busy="true" class="r-component r-loader r-is-loading r-is-fullscreen">
        <div class="r-loader-icon-wrapper">
          <div class="r-mr-re"></div>
          <div class="r-mr-bil"></div>
          <div class="r-mr-ly"></div>
        </div>
      </div>
    </div>
  </div>
</div>
`;

exports[`r-grid.vue should render via SSR and match snapshot 1`] = `
<div class="r-grid">
  <div class="r-grid-body">
    <div class="r-table-control flex-center r-grid-repeater">
      <div role="alert" aria-busy="true" class="r-component r-loader r-is-loading r-is-fullscreen">
        <div class="r-loader-icon-wrapper">
          <div class="r-mr-re"></div>
          <div class="r-mr-bil"></div>
          <div class="r-mr-ly"></div>
        </div>
      </div>
    </div>
  </div>
</div>
`;
