// Jest Snapshot v1, https://goo.gl/fbAQLP

exports[`r-webcomponent.vue should render Wrapper and match snapshot 1`] = `<div class="r-webcomponent"><strong>default button</strong></div>`;

exports[`r-webcomponent.vue should render all specified components 1`] = `
<div class="r-webcomponent"><button role="button" title="" class="r-button r-button--size-regular r-button--type-default">
    <!----> Apply</button></div>
`;

exports[`r-webcomponent.vue should render via SSR and match snapshot 1`] = `<div class="r-webcomponent"><strong>default button</strong></div>`;
