// Jest Snapshot v1, https://goo.gl/fbAQLP

exports[`r-pagination-control.vue should render Wrapper and match snapshot 1`] = `
<div>
  <div class="r-pagination-control">
    <div class="r-pagination-control-buttons-wrapper">
      <r-button-stub size="regular" type="default" disabled="true" class="r-pagination-control-button">
        <r-icon-stub icon="arrow-left"></r-icon-stub>
        Prev
      </r-button-stub>
      <r-button-stub size="regular" type="default" disabled="true" class="r-pagination-control-button">
        Next
        <r-icon-stub icon="arrow-right"></r-icon-stub>
      </r-button-stub>
    </div>
  </div>
</div>
`;

exports[`r-pagination-control.vue should render via SSR and match snapshot 1`] = `
<div>
  <div class="r-pagination-control">
    <div class="r-pagination-control-buttons-wrapper"><button role="button" disabled="disabled" title="Action is disabled" class="r-button r-pagination-control-button r-button-size-regular r-button-type-default">
        <!---->
        <div class="capitalize-first-letter"><svg class="r-icon r-icon-20">
            <use xlink:href="#icon-arrow-left" xmlns:xlink="http://www.w3.org/1999/xlink"></use>
          </svg>
          Prev
        </div>
      </button> <button role="button" disabled="disabled" title="Action is disabled" class="r-button r-pagination-control-button r-button-size-regular r-button-type-default">
        <!---->
        <div class="capitalize-first-letter">
          Next
          <svg class="r-icon r-icon-20">
            <use xlink:href="#icon-arrow-right" xmlns:xlink="http://www.w3.org/1999/xlink"></use>
          </svg></div>
      </button></div>
  </div>
</div>
`;
