// Jest Snapshot v1, https://goo.gl/fbAQLP

exports[`r-tile.vue should render Wrapper and match snapshot 1`] = `
<div class="r-component r-tile">
  <!---->
  <!---->
  <!---->
  <!---->
  <!---->
</div>
`;

exports[`r-tile.vue should render via SSR and match snapshot 1`] = `
<div class="r-component r-tile">
  <!---->
  <!---->
  <!---->
  <!---->
  <!---->
</div>
`;
