// Jest Snapshot v1, https://goo.gl/fbAQLP

exports[`r-img.vue renders props.msg when passed 1`] = `
<figure role="img" class="r-component r-img"><img src="https://www.rebilly.com/wp-content/uploads/2019/01/new_features@2x-319x150.png" alt="Image" class="r-img-image">
  <div class="r-img-loading-spinner"></div>
</figure>
`;

exports[`r-img.vue should render via SSR and match snapshot 1`] = `
<figure role="img" class="r-component r-img"><img src="https://www.rebilly.com/wp-content/uploads/2019/01/new_features@2x-319x150.png" alt="Image" class="r-img-image">
  <div class="r-img-loading-spinner"></div>
</figure>
`;
