// Jest Snapshot v1, https://goo.gl/fbAQLP

exports[`r-tabs.vue should render Wrapper and match snapshot 1`] = `
<div>
  <ul class="r-tab"></ul>
  <div class="r-tab-content"></div>
</div>
`;

exports[`r-tabs.vue should render via SSR and match snapshot 1`] = `
<div>
  <ul class="r-tab"></ul>
  <div class="r-tab-content"></div>
</div>
`;
