// Jest Snapshot v1, https://goo.gl/fbAQLP

exports[`r-icon-button.vue should render via SSR and match snapshot 1`] = `<button class="r-button r-button--type-default r-button--size-regular has-icon"> </button>`;
