// Jest Snapshot v1, https://goo.gl/fbAQLP

exports[`r-loader.vue renders props.msg when passed 1`] = ``;

exports[`r-loader.vue should render via SSR and match snapshot 1`] = `<!---->`;
