// Jest Snapshot v1, https://goo.gl/fbAQLP

exports[`r-button.vue should render via SSR and match snapshot 1`] = `
<button title="" msg="Apply" class="r-component r-button r-button--size-regular r-button--type-default">
  <!----> Apply</button>
`;
