// Jest Snapshot v1, https://goo.gl/fbAQLP

exports[`r-date-input.vue should render Wrapper and match snapshot 1`] = `
<div class="">
  <div class="r-field">
    <!---->
    <r-calendar-manager-stub dragselectattributes="[object Object]" maxdate="2020-01-01" type="calendar" class="r-date-input"></r-calendar-manager-stub>
    <!---->
  </div>
  <!---->
  <!---->
  <!---->
  <!---->
</div>
`;
