// Jest Snapshot v1, https://goo.gl/fbAQLP

exports[`r-pagination.vue should render Wrapper and match snapshot 1`] = `
<div>
  <r-pagination-control-stub pagination="[object Object]"></r-pagination-control-stub>
</div>
`;

exports[`r-pagination.vue should render via SSR and match snapshot 1`] = `
<div>
  <div pagination="[object Object]">
    <div class="r-pagination-control">
      <div class="r-pagination-control-buttons-wrapper"><button role="button" disabled="disabled" title="Action is disabled" class="r-button r-pagination-control-button r-button-size-regular r-button-type-default">
          <!----> <svg class="r-icon r-icon-20">
            <use xlink:href="#icon-arrow-left" xmlns:xlink="http://www.w3.org/1999/xlink"></use>
          </svg>
          Prev
        </button> <button role="button" title="" class="r-button r-pagination-control-button r-button-size-regular r-button-type-default">
          <!----> Next<svg class="r-icon r-icon-20">
            <use xlink:href="#icon-arrow-right" xmlns:xlink="http://www.w3.org/1999/xlink"></use>
          </svg></button></div>
    </div>
  </div>
</div>
`;
