// Jest Snapshot v1, https://goo.gl/fbAQLP

exports[`r-popper.vue should render via SSR and match snapshot 1`] = `
<div class="r-popper">
  <div class="r-popper-content-wrapper">
    <transition-stub name="fade">
      <!---->
    </transition-stub>
  </div>
</div>
`;
